// Jest Snapshot v1, https://goo.gl/fbAQLP

exports[`<Poll /> Poll renders the component 1`] = `
<div>
  Loading...
</div>
`;
