// Jest Snapshot v1, https://goo.gl/fbAQLP

exports[`<Header /> Header renders the component 1`] = `
<div
  className="header-wrap"
>
  <div
    className="header"
  >
    <div
      className="header-back-link"
    >
      <a
        href="https://www.xiag.ch"
        target="_blank"
      />
    </div>
    <div
      className="title"
    >
      Poll website task: HTML example
    </div>
  </div>
  <div
    className="header-title"
  >
    <div
      className="title"
    >
      Poll website task: HTML example
    </div>
  </div>
</div>
`;
