// Jest Snapshot v1, https://goo.gl/fbAQLP

exports[`<App /> App renders the component 1`] = `
<div
  className="app-wrap"
>
  <Component />
  <BrowserRouter>
    <Route
      component={[Function]}
      exact={true}
      path="/"
    />
    <Route
      component={[Function]}
      path="/:pollId"
    />
  </BrowserRouter>
</div>
`;
